<html>
<body>
<pre>
<h1>µVision Build Log</h1>
<h2>Tool Versions:</h2>
IDE-Version: •ÏVision V5.14.0.0
Copyright (C) 2015 ARM Ltd and ARM Germany GmbH. All rights reserved.
License Information: KIM WONBIN, DGSW, LIC=----
 
Tool Versions:
Toolchain:       MDK-Lite  Version: 5.28.0.0
Toolchain Path:  C:\Keil_v5\ARM\ARMCC\Bin
C Compiler:      Armcc.exe V5.06 update 6 (build 750)
Assembler:       Armasm.exe V5.06 update 6 (build 750)
Linker/Locator:  ArmLink.exe V5.06 update 6 (build 750)
Library Manager: ArmAr.exe V5.06 update 6 (build 750)
Hex Converter:   FromElf.exe V5.06 update 6 (build 750)
CPU DLL:         SARMCM3.DLL V5.28.0.0
Dialog DLL:      DARMSTM.DLL V1.68.0.0
Target DLL:      STLink\ST-LINKIII-KEIL_SWO.dll V3.0.6.0
Dialog DLL:      TARMSTM.DLL V1.66.0.0
 
<h2>Project:</h2>
F:\ARM\test\191028\TIMER_PWM.uvproj
Project File Date:  09/09/2019

<h2>Output:</h2>
Rebuild target 'TIMER_PWM'
assembling STM32F10x.s...
compiling STM32_Init.c...
Initialisation\STM32_Init.c(4420): warning:  #61-D: integer operation result is out of range
      USART1->BRR  = __USART_BRR(__PCLK2, __USART1_BAUDRATE); // set baudrate
Initialisation\STM32_Init.c(4420): warning:  #61-D: integer operation result is out of range
      USART1->BRR  = __USART_BRR(__PCLK2, __USART1_BAUDRATE); // set baudrate
Initialisation\STM32_Init.c(4420): warning:  #61-D: integer operation result is out of range
      USART1->BRR  = __USART_BRR(__PCLK2, __USART1_BAUDRATE); // set baudrate
Initialisation\STM32_Init.c: 3 warnings, 0 errors
compiling Timer_pwm.c...
Application\Timer_pwm.c(108): warning:  #1-D: last line of file ends without a newline
  }
Application\Timer_pwm.c: 1 warning, 0 errors
linking...
Program Size: Code=1396 RO-data=268 RW-data=68 ZI-data=1124  
FromELF: creating hex file...
".\Output\TIMER_PWM.axf" - 0 Error(s), 4 Warning(s).
</pre>
</body>
</html>
