<html>
<body>
<pre>
<h1>µVision Build Log</h1>
<h2>Tool Versions:</h2>
IDE-Version: ¥ìVision V5.14.0.0
Copyright (C) 2015 ARM Ltd and ARM Germany GmbH. All rights reserved.
License Information: gam ball, gamball, LIC=----
 
Tool Versions:
Toolchain:       MDK-Lite  Version: 5.14.0.0
Toolchain Path:  C:\Keil_v5\ARM\ARMCC\Bin
C Compiler:      Armcc.exe V5.05 update 1 (build 106)
Assembler:       Armasm.exe V5.05 update 1 (build 106)
Linker/Locator:  ArmLink.exe V5.05 update 1 (build 106)
Library Manager: ArmAr.exe V5.05 update 1 (build 106)
Hex Converter:   FromElf.exe V5.05 update 1 (build 106)
CPU DLL:         SARMCM3.DLL V5.14.0.0
Dialog DLL:      DARMSTM.DLL V1.65.0.0
Target DLL:      STLink\ST-LINKIII-KEIL_SWO.dll V2.0.14.0_KEIL
Dialog DLL:      TARMSTM.DLL V1.64.0.0
 
<h2>Project:</h2>
G:\°­ÀÇÀÚ·á\ARM\STM32F10x_StdPeriph_Lib_V3.5.0\Project\STM32F10x_StdPeriph_NewstarIT\Keil\GPIO\IOToggle\IOToggle.uvproj
Project File Date:  12/02/2019

<h2>Output:</h2>
Build target 'IOToggle_Board'
compiling main.c...
..\..\..\..\STM32F10x_StdPeriph_Examples\GPIO\IOToggle\main.c(300): warning:  #111-D: statement is unreachable
        distance_flag           = 1;
..\..\..\..\STM32F10x_StdPeriph_Examples\GPIO\IOToggle\main.c(307): warning:  #223-D: function "micros_10us" declared implicitly
                c_mi                            = micros_10us();
..\..\..\..\STM32F10x_StdPeriph_Examples\GPIO\IOToggle\main.c(314): warning:  #223-D: function "Delay" declared implicitly
                        Delay(1);
..\..\..\..\STM32F10x_StdPeriph_Examples\GPIO\IOToggle\main.c(332): warning:  #223-D: function "micros_10us" declared implicitly
                c_mi                            = micros_10us();
..\..\..\..\STM32F10x_StdPeriph_Examples\GPIO\IOToggle\main.c(328): warning:  #128-D: loop is not reachable
        while (1)
..\..\..\..\STM32F10x_StdPeriph_Examples\GPIO\IOToggle\main.c(359): warning:  #940-D: missing return statement at end of non-void function "fputc"
  }
..\..\..\..\STM32F10x_StdPeriph_Examples\GPIO\IOToggle\main.c: 6 warnings, 0 errors
linking...
Program Size: Code=2304 RO-data=268 RW-data=96 ZI-data=1120  
FromELF: creating hex file...
".\Out\IOToggle.axf" - 0 Error(s), 6 Warning(s).
</pre>
</body>
</html>
