<html>
<body>
<pre>
<h1>µVision Build Log</h1>
<h2>Tool Versions:</h2>
IDE-Version: •ÏVision V5.14.0.0
Copyright (C) 2015 ARM Ltd and ARM Germany GmbH. All rights reserved.
License Information: gam ball, gamball, LIC=----
 
Tool Versions:
Toolchain:       MDK-Lite  Version: 5.14.0.0
Toolchain Path:  C:\Keil_v5\ARM\ARMCC\Bin
C Compiler:      Armcc.exe V5.05 update 1 (build 106)
Assembler:       Armasm.exe V5.05 update 1 (build 106)
Linker/Locator:  ArmLink.exe V5.05 update 1 (build 106)
Library Manager: ArmAr.exe V5.05 update 1 (build 106)
Hex Converter:   FromElf.exe V5.05 update 1 (build 106)
CPU DLL:         SARMCM3.DLL V5.14.0.0
Dialog DLL:      DARMSTM.DLL V1.65.0.0
Target DLL:      UL2CM3.DLL V1.155.0.0
Dialog DLL:      TARMSTM.DLL V1.64.0.0
 
<h2>Project:</h2>
G:\ARM\work\work.uvproj
Project File Date:  12/02/2019

<h2>Output:</h2>
Build target 'work'
compiling main.c...
G:\Í∞ïÏùò?êÎ£å\ARM\STM32F10x_StdPeriph_Lib_V3.5.0\Project\STM32F10x_StdPeriph_Examples\GPIO\IOToggle\main.c(300): warning:  #111-D: statement is unreachable
        distance_flag           = 1;
G:\Í∞ïÏùò?êÎ£å\ARM\STM32F10x_StdPeriph_Lib_V3.5.0\Project\STM32F10x_StdPeriph_Examples\GPIO\IOToggle\main.c(307): warning:  #223-D: function "micros_10us" declared implicitly
                c_mi                            = micros_10us();
G:\Í∞ïÏùò?êÎ£å\ARM\STM32F10x_StdPeriph_Lib_V3.5.0\Project\STM32F10x_StdPeriph_Examples\GPIO\IOToggle\main.c(314): warning:  #223-D: function "Delay" declared implicitly
                        Delay(1);
G:\Í∞ïÏùò?êÎ£å\ARM\STM32F10x_StdPeriph_Lib_V3.5.0\Project\STM32F10x_StdPeriph_Examples\GPIO\IOToggle\main.c(332): warning:  #223-D: function "micros_10us" declared implicitly
                c_mi                            = micros_10us();
G:\Í∞ïÏùò?êÎ£å\ARM\STM32F10x_StdPeriph_Lib_V3.5.0\Project\STM32F10x_StdPeriph_Examples\GPIO\IOToggle\main.c(328): warning:  #128-D: loop is not reachable
        while (1)
G:\Í∞ïÏùò?êÎ£å\ARM\STM32F10x_StdPeriph_Lib_V3.5.0\Project\STM32F10x_StdPeriph_Examples\GPIO\IOToggle\main.c(359): warning:  #940-D: missing return statement at end of non-void function "fputc"
  }
G:\∞≠¿«¿⁄∑·\ARM\STM32F10x_StdPeriph_Lib_V3.5.0\Project\STM32F10x_StdPeriph_Examples\GPIO\IOToggle\main.c: 6 warnings, 0 errors
compiling stm32f10x_it.c...
G:\Í∞ïÏùò?êÎ£å\ARM\STM32F10x_StdPeriph_Lib_V3.5.0\Project\STM32F10x_StdPeriph_Examples\GPIO\IOToggle\stm32f10x_it.c(184): warning:  #1295-D: Deprecated declaration led_toggle - give arg types
  void led_toggle();
G:\Í∞ïÏùò?êÎ£å\ARM\STM32F10x_StdPeriph_Lib_V3.5.0\Project\STM32F10x_StdPeriph_Examples\GPIO\IOToggle\stm32f10x_it.c(199): warning:  #1293-D: assignment in condition
                        if ((ledLight = !ledLight))
G:\∞≠¿«¿⁄∑·\ARM\STM32F10x_StdPeriph_Lib_V3.5.0\Project\STM32F10x_StdPeriph_Examples\GPIO\IOToggle\stm32f10x_it.c: 2 warnings, 0 errors
compiling system_stm32f10x.c...
compiling misc.c...
compiling stm32f10x_adc.c...
compiling stm32f10x_bkp.c...
compiling stm32f10x_can.c...
compiling stm32f10x_cec.c...
compiling stm32f10x_crc.c...
compiling stm32f10x_dac.c...
compiling stm32f10x_dbgmcu.c...
compiling stm32f10x_dma.c...
compiling stm32f10x_exti.c...
compiling stm32f10x_flash.c...
compiling stm32f10x_fsmc.c...
compiling stm32f10x_gpio.c...
compiling stm32f10x_i2c.c...
compiling stm32f10x_iwdg.c...
compiling stm32f10x_pwr.c...
compiling stm32f10x_rcc.c...
compiling stm32f10x_rtc.c...
compiling stm32f10x_sdio.c...
compiling stm32f10x_spi.c...
compiling stm32f10x_tim.c...
compiling stm32f10x_usart.c...
compiling stm32f10x_wwdg.c...
compiling stm3210b_eval.c...
compiling core_cm3.c...
assembling startup_stm32f10x_md.s...
linking...
Program Size: Code=5376 RO-data=280 RW-data=104 ZI-data=1976  
".\Objects\work.axf" - 0 Error(s), 8 Warning(s).
</pre>
</body>
</html>
